// Jest Snapshot v1, https://goo.gl/fbAQLP

exports[`App.js tests render should have created Header #home 1`] = `"<header id=\\"home\\"><canvas style=\\"width: 100%; height: 100%; position: absolute; z-index: -1; top: 0px; left: 0px;\\"></canvas><nav id=\\"nav-wrap\\"><a class=\\"mobile-btn\\" href=\\"#nav-wrap\\" title=\\"Show navigation\\">Show navigation</a><a class=\\"mobile-btn\\" href=\\"#home\\" title=\\"Hide navigation\\">Hide navigation</a><ul id=\\"nav\\" class=\\"nav\\"><li class=\\"current\\"><a class=\\"smoothscroll\\" href=\\"#home\\">Home</a></li><li><a class=\\"smoothscroll\\" href=\\"#about\\">About</a></li><li><a class=\\"smoothscroll\\" href=\\"#resume\\">Resume</a></li><li><a class=\\"smoothscroll\\" href=\\"#portfolio\\">Works</a></li><li><a class=\\"smoothscroll\\" href=\\"#contact\\">Contact</a></li></ul></nav><div class=\\"row banner\\"><div class=\\"banner-text\\"><h1 class=\\"responsive-headline\\"></h1><h3>.</h3><hr><ul class=\\"social\\"><a class=\\"button btn project-btn\\"><i class=\\"fa fa-book\\"></i>Project</a><a class=\\"button btn github-btn\\"><i class=\\"fa fa-github\\"></i>Github</a></ul></div></div><p class=\\"scrolldown\\"><a class=\\"smoothscroll\\" href=\\"#about\\"><i class=\\"icon-down-circle\\"></i></a></p></header>"`;
